TAP version 13
# Subtest: A05 config creation is deterministic DRAFT, new sequence, immutable original, atomic audit/receipt, and replay
not ok 1 - A05 config creation is deterministic DRAFT, new sequence, immutable original, atomic audit/receipt, and replay
  ---
  duration_ms: 13.2619
  type: 'test'
  location: 'D:\\dinner cook\\tests\\merchant-store.test.js:16:1'
  failureType: 'testCodeFailure'
  error: 'CONFIGURATION_REQUIRED'
  code: 'CONFIGURATION_REQUIRED'
  name: 'FulfillmentModelError'
  stack: |-
    fail (D:\dinner cook\cloudfunctions\_shared\fulfillment-model.js:16:27)
    maximumLeadTimeMinutes (D:\dinner cook\cloudfunctions\_shared\fulfillment-model.js:37:95)
    buildSlotDefinitions (D:\dinner cook\cloudfunctions\_shared\fulfillment-model.js:84:14)
    setup (D:\dinner cook\tests\fixtures\merchant-store.js:51:22)
    async TestContext.<anonymous> (D:\dinner cook\tests\merchant-store.test.js:17:11)
    async Test.run (node:internal/test_runner/test:1389:7)
    async startSubtestAfterBootstrap (node:internal/test_runner/harness:387:3)
  ...
# Subtest: A05 draft saves preserve explicit incomplete policies without operational defaults; publication rejects missing fields
not ok 2 - A05 draft saves preserve explicit incomplete policies without operational defaults; publication rejects missing fields
  ---
  duration_ms: 2.7029
  type: 'test'
  location: 'D:\\dinner cook\\tests\\merchant-store.test.js:24:1'
  failureType: 'testCodeFailure'
  error: 'CONFIGURATION_REQUIRED'
  code: 'CONFIGURATION_REQUIRED'
  name: 'FulfillmentModelError'
  stack: |-
    fail (D:\dinner cook\cloudfunctions\_shared\fulfillment-model.js:16:27)
    maximumLeadTimeMinutes (D:\dinner cook\cloudfunctions\_shared\fulfillment-model.js:37:95)
    buildSlotDefinitions (D:\dinner cook\cloudfunctions\_shared\fulfillment-model.js:84:14)
    setup (D:\dinner cook\tests\fixtures\merchant-store.js:51:22)
    async TestContext.<anonymous> (D:\dinner cook\tests\merchant-store.test.js:25:11)
    async Test.run (node:internal/test_runner/test:1389:7)
    async Test.processPendingSubtests (node:internal/test_runner/test:960:7)
  ...
# Subtest: A05 existing draft edits use CAS; published configuration cannot be edited
not ok 3 - A05 existing draft edits use CAS; published configuration cannot be edited
  ---
  duration_ms: 3.4651
  type: 'test'
  location: 'D:\\dinner cook\\tests\\merchant-store.test.js:29:1'
  failureType: 'testCodeFailure'
  error: 'CONFIGURATION_REQUIRED'
  code: 'CONFIGURATION_REQUIRED'
  name: 'FulfillmentModelError'
  stack: |-
    fail (D:\dinner cook\cloudfunctions\_shared\fulfillment-model.js:16:27)
    maximumLeadTimeMinutes (D:\dinner cook\cloudfunctions\_shared\fulfillment-model.js:37:95)
    buildSlotDefinitions (D:\dinner cook\cloudfunctions\_shared\fulfillment-model.js:84:14)
    setup (D:\dinner cook\tests\fixtures\merchant-store.js:51:22)
    async TestContext.<anonymous> (D:\dinner cook\tests\merchant-store.test.js:30:11)
    async Test.run (node:internal/test_runner/test:1389:7)
    async Test.processPendingSubtests (node:internal/test_runner/test:960:7)
  ...
# Subtest: A05 publishing changes active pointer and future slot policy atomically, keeps all counters and original config
not ok 4 - A05 publishing changes active pointer and future slot policy atomically, keeps all counters and original config
  ---
  duration_ms: 2.473
  type: 'test'
  location: 'D:\\dinner cook\\tests\\merchant-store.test.js:34:1'
  failureType: 'testCodeFailure'
  error: 'CONFIGURATION_REQUIRED'
  code: 'CONFIGURATION_REQUIRED'
  name: 'FulfillmentModelError'
  stack: |-
    fail (D:\dinner cook\cloudfunctions\_shared\fulfillment-model.js:16:27)
    maximumLeadTimeMinutes (D:\dinner cook\cloudfunctions\_shared\fulfillment-model.js:37:95)
    buildSlotDefinitions (D:\dinner cook\cloudfunctions\_shared\fulfillment-model.js:84:14)
    setup (D:\dinner cook\tests\fixtures\merchant-store.js:51:22)
    async TestContext.<anonymous> (D:\dinner cook\tests\merchant-store.test.js:35:11)
    async Test.run (node:internal/test_runner/test:1389:7)
    async Test.processPendingSubtests (node:internal/test_runner/test:960:7)
  ...
# Subtest: A05 explicit banned date closes future occupied slots without reset; reopening remains explicit
not ok 5 - A05 explicit banned date closes future occupied slots without reset; reopening remains explicit
  ---
  duration_ms: 2.1464
  type: 'test'
  location: 'D:\\dinner cook\\tests\\merchant-store.test.js:43:1'
  failureType: 'testCodeFailure'
  error: 'CONFIGURATION_REQUIRED'
  code: 'CONFIGURATION_REQUIRED'
  name: 'FulfillmentModelError'
  stack: |-
    fail (D:\dinner cook\cloudfunctions\_shared\fulfillment-model.js:16:27)
    maximumLeadTimeMinutes (D:\dinner cook\cloudfunctions\_shared\fulfillment-model.js:37:95)
    buildSlotDefinitions (D:\dinner cook\cloudfunctions\_shared\fulfillment-model.js:84:14)
    setup (D:\dinner cook\tests\fixtures\merchant-store.js:51:22)
    async TestContext.<anonymous> (D:\dinner cook\tests\merchant-store.test.js:44:11)
    async Test.run (node:internal/test_runner/test:1389:7)
    async Test.processPendingSubtests (node:internal/test_runner/test:960:7)
  ...
# Subtest: A05 changed time policy cannot reuse its version; older draft cannot supersede newer publication
not ok 6 - A05 changed time policy cannot reuse its version; older draft cannot supersede newer publication
  ---
  duration_ms: 2.5267
  type: 'test'
  location: 'D:\\dinner cook\\tests\\merchant-store.test.js:54:1'
  failureType: 'testCodeFailure'
  error: 'CONFIGURATION_REQUIRED'
  code: 'CONFIGURATION_REQUIRED'
  name: 'FulfillmentModelError'
  stack: |-
    fail (D:\dinner cook\cloudfunctions\_shared\fulfillment-model.js:16:27)
    maximumLeadTimeMinutes (D:\dinner cook\cloudfunctions\_shared\fulfillment-model.js:37:95)
    buildSlotDefinitions (D:\dinner cook\cloudfunctions\_shared\fulfillment-model.js:84:14)
    setup (D:\dinner cook\tests\fixtures\merchant-store.js:51:22)
    async TestContext.<anonymous> (D:\dinner cook\tests\merchant-store.test.js:55:11)
    async Test.run (node:internal/test_runner/test:1389:7)
    async Test.processPendingSubtests (node:internal/test_runner/test:960:7)
  ...
# Subtest: A05 slot closure preserves held/confirmed/consumed and independent mode; fixed caps and occupation floor
not ok 7 - A05 slot closure preserves held/confirmed/consumed and independent mode; fixed caps and occupation floor
  ---
  duration_ms: 1.8231
  type: 'test'
  location: 'D:\\dinner cook\\tests\\merchant-store.test.js:60:1'
  failureType: 'testCodeFailure'
  error: 'CONFIGURATION_REQUIRED'
  code: 'CONFIGURATION_REQUIRED'
  name: 'FulfillmentModelError'
  stack: |-
    fail (D:\dinner cook\cloudfunctions\_shared\fulfillment-model.js:16:27)
    maximumLeadTimeMinutes (D:\dinner cook\cloudfunctions\_shared\fulfillment-model.js:37:95)
    buildSlotDefinitions (D:\dinner cook\cloudfunctions\_shared\fulfillment-model.js:84:14)
    setup (D:\dinner cook\tests\fixtures\merchant-store.js:51:22)
    async TestContext.<anonymous> (D:\dinner cook\tests\merchant-store.test.js:61:11)
    async Test.run (node:internal/test_runner/test:1389:7)
    async Test.processPendingSubtests (node:internal/test_runner/test:960:7)
  ...
# Subtest: A05 store maintenance versions fields, retains private fields, sanitizes audits and replays
not ok 8 - A05 store maintenance versions fields, retains private fields, sanitizes audits and replays
  ---
  duration_ms: 1.8013
  type: 'test'
  location: 'D:\\dinner cook\\tests\\merchant-store.test.js:68:1'
  failureType: 'testCodeFailure'
  error: 'CONFIGURATION_REQUIRED'
  code: 'CONFIGURATION_REQUIRED'
  name: 'FulfillmentModelError'
  stack: |-
    fail (D:\dinner cook\cloudfunctions\_shared\fulfillment-model.js:16:27)
    maximumLeadTimeMinutes (D:\dinner cook\cloudfunctions\_shared\fulfillment-model.js:37:95)
    buildSlotDefinitions (D:\dinner cook\cloudfunctions\_shared\fulfillment-model.js:84:14)
    setup (D:\dinner cook\tests\fixtures\merchant-store.js:51:22)
    async TestContext.<anonymous> (D:\dinner cook\tests\merchant-store.test.js:69:11)
    async Test.run (node:internal/test_runner/test:1389:7)
    async Test.processPendingSubtests (node:internal/test_runner/test:960:7)
  ...
# Subtest: A05 closing store keeps config and resources; reopening needs complete validated current policies
not ok 9 - A05 closing store keeps config and resources; reopening needs complete validated current policies
  ---
  duration_ms: 2.1136
  type: 'test'
  location: 'D:\\dinner cook\\tests\\merchant-store.test.js:77:1'
  failureType: 'testCodeFailure'
  error: 'CONFIGURATION_REQUIRED'
  code: 'CONFIGURATION_REQUIRED'
  name: 'FulfillmentModelError'
  stack: |-
    fail (D:\dinner cook\cloudfunctions\_shared\fulfillment-model.js:16:27)
    maximumLeadTimeMinutes (D:\dinner cook\cloudfunctions\_shared\fulfillment-model.js:37:95)
    buildSlotDefinitions (D:\dinner cook\cloudfunctions\_shared\fulfillment-model.js:84:14)
    setup (D:\dinner cook\tests\fixtures\merchant-store.js:51:22)
    async TestContext.<anonymous> (D:\dinner cook\tests\merchant-store.test.js:78:11)
    async Test.run (node:internal/test_runner/test:1389:7)
    async Test.processPendingSubtests (node:internal/test_runner/test:960:7)
  ...
# Subtest: A05 map token resolves only through trusted scoped adapter; raw/client/GCJ02 and stale centers are rejected
not ok 10 - A05 map token resolves only through trusted scoped adapter; raw/client/GCJ02 and stale centers are rejected
  ---
  duration_ms: 2.4429
  type: 'test'
  location: 'D:\\dinner cook\\tests\\merchant-store.test.js:84:1'
  failureType: 'testCodeFailure'
  error: 'CONFIGURATION_REQUIRED'
  code: 'CONFIGURATION_REQUIRED'
  name: 'FulfillmentModelError'
  stack: |-
    fail (D:\dinner cook\cloudfunctions\_shared\fulfillment-model.js:16:27)
    maximumLeadTimeMinutes (D:\dinner cook\cloudfunctions\_shared\fulfillment-model.js:37:95)
    buildSlotDefinitions (D:\dinner cook\cloudfunctions\_shared\fulfillment-model.js:84:14)
    setup (D:\dinner cook\tests\fixtures\merchant-store.js:51:22)
    async TestContext.<anonymous> (D:\dinner cook\tests\merchant-store.test.js:85:11)
    async Test.run (node:internal/test_runner/test:1389:7)
    async Test.processPendingSubtests (node:internal/test_runner/test:960:7)
  ...
# Subtest: A05 address changes invalidate old point and cannot stay OPEN until new configuration/location passes
not ok 11 - A05 address changes invalidate old point and cannot stay OPEN until new configuration/location passes
  ---
  duration_ms: 1.4067
  type: 'test'
  location: 'D:\\dinner cook\\tests\\merchant-store.test.js:94:1'
  failureType: 'testCodeFailure'
  error: 'CONFIGURATION_REQUIRED'
  code: 'CONFIGURATION_REQUIRED'
  name: 'FulfillmentModelError'
  stack: |-
    fail (D:\dinner cook\cloudfunctions\_shared\fulfillment-model.js:16:27)
    maximumLeadTimeMinutes (D:\dinner cook\cloudfunctions\_shared\fulfillment-model.js:37:95)
    buildSlotDefinitions (D:\dinner cook\cloudfunctions\_shared\fulfillment-model.js:84:14)
    setup (D:\dinner cook\tests\fixtures\merchant-store.js:51:22)
    async TestContext.<anonymous> (D:\dinner cook\tests\merchant-store.test.js:95:11)
    async Test.run (node:internal/test_runner/test:1389:7)
    async Test.processPendingSubtests (node:internal/test_runner/test:960:7)
  ...
# Subtest: A05 complete shape alone cannot approve publication: location/policy/phone verification must succeed
not ok 12 - A05 complete shape alone cannot approve publication: location/policy/phone verification must succeed
  ---
  duration_ms: 1.4319
  type: 'test'
  location: 'D:\\dinner cook\\tests\\merchant-store.test.js:99:1'
  failureType: 'testCodeFailure'
  error: 'CONFIGURATION_REQUIRED'
  code: 'CONFIGURATION_REQUIRED'
  name: 'FulfillmentModelError'
  stack: |-
    fail (D:\dinner cook\cloudfunctions\_shared\fulfillment-model.js:16:27)
    maximumLeadTimeMinutes (D:\dinner cook\cloudfunctions\_shared\fulfillment-model.js:37:95)
    buildSlotDefinitions (D:\dinner cook\cloudfunctions\_shared\fulfillment-model.js:84:14)
    setup (D:\dinner cook\tests\fixtures\merchant-store.js:51:22)
    async TestContext.<anonymous> (D:\dinner cook\tests\merchant-store.test.js:101:13)
    async Test.run (node:internal/test_runner/test:1389:7)
    async Test.processPendingSubtests (node:internal/test_runner/test:960:7)
  ...
# Subtest: A05 rejects altered V1 capacities, hours, radius/edge/fee/operator, coordinate system and policy extra fields
not ok 13 - A05 rejects altered V1 capacities, hours, radius/edge/fee/operator, coordinate system and policy extra fields
  ---
  duration_ms: 1.8625
  type: 'test'
  location: 'D:\\dinner cook\\tests\\merchant-store.test.js:104:1'
  failureType: 'testCodeFailure'
  error: 'CONFIGURATION_REQUIRED'
  code: 'CONFIGURATION_REQUIRED'
  name: 'FulfillmentModelError'
  stack: |-
    fail (D:\dinner cook\cloudfunctions\_shared\fulfillment-model.js:16:27)
    maximumLeadTimeMinutes (D:\dinner cook\cloudfunctions\_shared\fulfillment-model.js:37:95)
    buildSlotDefinitions (D:\dinner cook\cloudfunctions\_shared\fulfillment-model.js:84:14)
    setup (D:\dinner cook\tests\fixtures\merchant-store.js:51:22)
    async TestContext.<anonymous> (D:\dinner cook\tests\merchant-store.test.js:109:40)
    async Test.run (node:internal/test_runner/test:1389:7)
    async Test.processPendingSubtests (node:internal/test_runner/test:960:7)
  ...
# Subtest: A05 rejects invalid time override overlap/date/alignment and negative/overflow policy numbers
not ok 14 - A05 rejects invalid time override overlap/date/alignment and negative/overflow policy numbers
  ---
  duration_ms: 1.4163
  type: 'test'
  location: 'D:\\dinner cook\\tests\\merchant-store.test.js:112:1'
  failureType: 'testCodeFailure'
  error: 'CONFIGURATION_REQUIRED'
  code: 'CONFIGURATION_REQUIRED'
  name: 'FulfillmentModelError'
  stack: |-
    fail (D:\dinner cook\cloudfunctions\_shared\fulfillment-model.js:16:27)
    maximumLeadTimeMinutes (D:\dinner cook\cloudfunctions\_shared\fulfillment-model.js:37:95)
    buildSlotDefinitions (D:\dinner cook\cloudfunctions\_shared\fulfillment-model.js:84:14)
    setup (D:\dinner cook\tests\fixtures\merchant-store.js:51:22)
    async TestContext.<anonymous> (D:\dinner cook\tests\merchant-store.test.js:117:40)
    async Test.run (node:internal/test_runner/test:1389:7)
    async Test.processPendingSubtests (node:internal/test_runner/test:960:7)
  ...
# Subtest: A05 requires current actual A01 CONFIG_WRITE; forged principal, other shop and wrong capability reveal no state
not ok 15 - A05 requires current actual A01 CONFIG_WRITE; forged principal, other shop and wrong capability reveal no state
  ---
  duration_ms: 1.315
  type: 'test'
  location: 'D:\\dinner cook\\tests\\merchant-store.test.js:120:1'
  failureType: 'testCodeFailure'
  error: 'CONFIGURATION_REQUIRED'
  code: 'CONFIGURATION_REQUIRED'
  name: 'FulfillmentModelError'
  stack: |-
    fail (D:\dinner cook\cloudfunctions\_shared\fulfillment-model.js:16:27)
    maximumLeadTimeMinutes (D:\dinner cook\cloudfunctions\_shared\fulfillment-model.js:37:95)
    buildSlotDefinitions (D:\dinner cook\cloudfunctions\_shared\fulfillment-model.js:84:14)
    setup (D:\dinner cook\tests\fixtures\merchant-store.js:51:22)
    async TestContext.<anonymous> (D:\dinner cook\tests\merchant-store.test.js:121:11)
    async Test.run (node:internal/test_runner/test:1389:7)
    async Test.processPendingSubtests (node:internal/test_runner/test:960:7)
  ...
# Subtest: A05 disabled/version-changed user and incomplete/wrong-scope state are rejected
not ok 16 - A05 disabled/version-changed user and incomplete/wrong-scope state are rejected
  ---
  duration_ms: 1.3963
  type: 'test'
  location: 'D:\\dinner cook\\tests\\merchant-store.test.js:127:1'
  failureType: 'testCodeFailure'
  error: 'CONFIGURATION_REQUIRED'
  code: 'CONFIGURATION_REQUIRED'
  name: 'FulfillmentModelError'
  stack: |-
    fail (D:\dinner cook\cloudfunctions\_shared\fulfillment-model.js:16:27)
    maximumLeadTimeMinutes (D:\dinner cook\cloudfunctions\_shared\fulfillment-model.js:37:95)
    buildSlotDefinitions (D:\dinner cook\cloudfunctions\_shared\fulfillment-model.js:84:14)
    setup (D:\dinner cook\tests\fixtures\merchant-store.js:51:22)
    async TestContext.<anonymous> (D:\dinner cook\tests\merchant-store.test.js:131:13)
    async Test.run (node:internal/test_runner/test:1389:7)
    async Test.processPendingSubtests (node:internal/test_runner/test:960:7)
  ...
# Subtest: A05 header/current snapshot mismatch and access-store version mismatch fail
not ok 17 - A05 header/current snapshot mismatch and access-store version mismatch fail
  ---
  duration_ms: 1.4471
  type: 'test'
  location: 'D:\\dinner cook\\tests\\merchant-store.test.js:134:1'
  failureType: 'testCodeFailure'
  error: 'CONFIGURATION_REQUIRED'
  code: 'CONFIGURATION_REQUIRED'
  name: 'FulfillmentModelError'
  stack: |-
    fail (D:\dinner cook\cloudfunctions\_shared\fulfillment-model.js:16:27)
    maximumLeadTimeMinutes (D:\dinner cook\cloudfunctions\_shared\fulfillment-model.js:37:95)
    buildSlotDefinitions (D:\dinner cook\cloudfunctions\_shared\fulfillment-model.js:84:14)
    setup (D:\dinner cook\tests\fixtures\merchant-store.js:51:22)
    async TestContext.<anonymous> (D:\dinner cook\tests\merchant-store.test.js:135:11)
    async Test.run (node:internal/test_runner/test:1389:7)
    async Test.processPendingSubtests (node:internal/test_runner/test:960:7)
  ...
# Subtest: A05 read projections are scoped and paginated; cursors bind actor, grant, scope and content revision
not ok 18 - A05 read projections are scoped and paginated; cursors bind actor, grant, scope and content revision
  ---
  duration_ms: 1.4654
  type: 'test'
  location: 'D:\\dinner cook\\tests\\merchant-store.test.js:138:1'
  failureType: 'testCodeFailure'
  error: 'CONFIGURATION_REQUIRED'
  code: 'CONFIGURATION_REQUIRED'
  name: 'FulfillmentModelError'
  stack: |-
    fail (D:\dinner cook\cloudfunctions\_shared\fulfillment-model.js:16:27)
    maximumLeadTimeMinutes (D:\dinner cook\cloudfunctions\_shared\fulfillment-model.js:37:95)
    buildSlotDefinitions (D:\dinner cook\cloudfunctions\_shared\fulfillment-model.js:84:14)
    setup (D:\dinner cook\tests\fixtures\merchant-store.js:51:22)
    async TestContext.<anonymous> (D:\dinner cook\tests\merchant-store.test.js:139:11)
    async Test.run (node:internal/test_runner/test:1389:7)
    async Test.processPendingSubtests (node:internal/test_runner/test:960:7)
  ...
# Subtest: A05 original key conflicts on changed content and replay cannot bypass current revoked authority
not ok 19 - A05 original key conflicts on changed content and replay cannot bypass current revoked authority
  ---
  duration_ms: 1.6501
  type: 'test'
  location: 'D:\\dinner cook\\tests\\merchant-store.test.js:146:1'
  failureType: 'testCodeFailure'
  error: 'CONFIGURATION_REQUIRED'
  code: 'CONFIGURATION_REQUIRED'
  name: 'FulfillmentModelError'
  stack: |-
    fail (D:\dinner cook\cloudfunctions\_shared\fulfillment-model.js:16:27)
    maximumLeadTimeMinutes (D:\dinner cook\cloudfunctions\_shared\fulfillment-model.js:37:95)
    buildSlotDefinitions (D:\dinner cook\cloudfunctions\_shared\fulfillment-model.js:84:14)
    setup (D:\dinner cook\tests\fixtures\merchant-store.js:51:22)
    async TestContext.<anonymous> (D:\dinner cook\tests\merchant-store.test.js:147:11)
    async Test.run (node:internal/test_runner/test:1389:7)
    async Test.processPendingSubtests (node:internal/test_runner/test:960:7)
  ...
# Subtest: A05 replay rejects corrupted audit/receipt expected versions, target, scope, request and hashes
not ok 20 - A05 replay rejects corrupted audit/receipt expected versions, target, scope, request and hashes
  ---
  duration_ms: 1.9956
  type: 'test'
  location: 'D:\\dinner cook\\tests\\merchant-store.test.js:152:1'
  failureType: 'testCodeFailure'
  error: 'CONFIGURATION_REQUIRED'
  code: 'CONFIGURATION_REQUIRED'
  name: 'FulfillmentModelError'
  stack: |-
    fail (D:\dinner cook\cloudfunctions\_shared\fulfillment-model.js:16:27)
    maximumLeadTimeMinutes (D:\dinner cook\cloudfunctions\_shared\fulfillment-model.js:37:95)
    buildSlotDefinitions (D:\dinner cook\cloudfunctions\_shared\fulfillment-model.js:84:14)
    setup (D:\dinner cook\tests\fixtures\merchant-store.js:51:22)
    async TestContext.<anonymous> (D:\dinner cook\tests\merchant-store.test.js:155:40)
    async Test.run (node:internal/test_runner/test:1389:7)
    async Test.processPendingSubtests (node:internal/test_runner/test:960:7)
  ...
# Subtest: A05 every publication write failure / zero affected row rolls back config, pointer, slots, audit and receipt
not ok 21 - A05 every publication write failure / zero affected row rolls back config, pointer, slots, audit and receipt
  ---
  duration_ms: 1.3384
  type: 'test'
  location: 'D:\\dinner cook\\tests\\merchant-store.test.js:159:1'
  failureType: 'testCodeFailure'
  error: 'CONFIGURATION_REQUIRED'
  code: 'CONFIGURATION_REQUIRED'
  name: 'FulfillmentModelError'
  stack: |-
    fail (D:\dinner cook\cloudfunctions\_shared\fulfillment-model.js:16:27)
    maximumLeadTimeMinutes (D:\dinner cook\cloudfunctions\_shared\fulfillment-model.js:37:95)
    buildSlotDefinitions (D:\dinner cook\cloudfunctions\_shared\fulfillment-model.js:84:14)
    setup (D:\dinner cook\tests\fixtures\merchant-store.js:51:22)
    async TestContext.<anonymous> (D:\dinner cook\tests\merchant-store.test.js:161:13)
    async Test.run (node:internal/test_runner/test:1389:7)
    async Test.processPendingSubtests (node:internal/test_runner/test:960:7)
  ...
# Subtest: A05 all simple write failure positions roll back store, draft and slot transactions
not ok 22 - A05 all simple write failure positions roll back store, draft and slot transactions
  ---
  duration_ms: 1.3163
  type: 'test'
  location: 'D:\\dinner cook\\tests\\merchant-store.test.js:165:1'
  failureType: 'testCodeFailure'
  error: 'CONFIGURATION_REQUIRED'
  code: 'CONFIGURATION_REQUIRED'
  name: 'FulfillmentModelError'
  stack: |-
    fail (D:\dinner cook\cloudfunctions\_shared\fulfillment-model.js:16:27)
    maximumLeadTimeMinutes (D:\dinner cook\cloudfunctions\_shared\fulfillment-model.js:37:95)
    buildSlotDefinitions (D:\dinner cook\cloudfunctions\_shared\fulfillment-model.js:84:14)
    setup (D:\dinner cook\tests\fixtures\merchant-store.js:51:22)
    async TestContext.<anonymous> (D:\dinner cook\tests\merchant-store.test.js:167:13)
    async Test.run (node:internal/test_runner/test:1389:7)
    async Test.processPendingSubtests (node:internal/test_runner/test:960:7)
  ...
# Subtest: A05 serial same-version edits produce one success and one conflict without overwriting
not ok 23 - A05 serial same-version edits produce one success and one conflict without overwriting
  ---
  duration_ms: 1.2877
  type: 'test'
  location: 'D:\\dinner cook\\tests\\merchant-store.test.js:170:1'
  failureType: 'testCodeFailure'
  error: 'CONFIGURATION_REQUIRED'
  code: 'CONFIGURATION_REQUIRED'
  name: 'FulfillmentModelError'
  stack: |-
    fail (D:\dinner cook\cloudfunctions\_shared\fulfillment-model.js:16:27)
    maximumLeadTimeMinutes (D:\dinner cook\cloudfunctions\_shared\fulfillment-model.js:37:95)
    buildSlotDefinitions (D:\dinner cook\cloudfunctions\_shared\fulfillment-model.js:84:14)
    setup (D:\dinner cook\tests\fixtures\merchant-store.js:51:22)
    async TestContext.<anonymous> (D:\dinner cook\tests\merchant-store.test.js:171:11)
    async Test.run (node:internal/test_runner/test:1389:7)
    async Test.processPendingSubtests (node:internal/test_runner/test:960:7)
  ...
# Subtest: A05 full read fences cover roles, policy/slot predicates, negative reads and receipt/audit races at commit
not ok 24 - A05 full read fences cover roles, policy/slot predicates, negative reads and receipt/audit races at commit
  ---
  duration_ms: 1.5672
  type: 'test'
  location: 'D:\\dinner cook\\tests\\merchant-store.test.js:176:1'
  failureType: 'testCodeFailure'
  error: 'CONFIGURATION_REQUIRED'
  code: 'CONFIGURATION_REQUIRED'
  name: 'FulfillmentModelError'
  stack: |-
    fail (D:\dinner cook\cloudfunctions\_shared\fulfillment-model.js:16:27)
    maximumLeadTimeMinutes (D:\dinner cook\cloudfunctions\_shared\fulfillment-model.js:37:95)
    buildSlotDefinitions (D:\dinner cook\cloudfunctions\_shared\fulfillment-model.js:84:14)
    setup (D:\dinner cook\tests\fixtures\merchant-store.js:51:22)
    async TestContext.<anonymous> (D:\dinner cook\tests\merchant-store.test.js:180:40)
    async Test.run (node:internal/test_runner/test:1389:7)
    async Test.processPendingSubtests (node:internal/test_runner/test:960:7)
  ...
# Subtest: A05 invalid or regressing clock cannot commit
not ok 25 - A05 invalid or regressing clock cannot commit
  ---
  duration_ms: 1.4296
  type: 'test'
  location: 'D:\\dinner cook\\tests\\merchant-store.test.js:184:1'
  failureType: 'testCodeFailure'
  error: 'CONFIGURATION_REQUIRED'
  code: 'CONFIGURATION_REQUIRED'
  name: 'FulfillmentModelError'
  stack: |-
    fail (D:\dinner cook\cloudfunctions\_shared\fulfillment-model.js:16:27)
    maximumLeadTimeMinutes (D:\dinner cook\cloudfunctions\_shared\fulfillment-model.js:37:95)
    buildSlotDefinitions (D:\dinner cook\cloudfunctions\_shared\fulfillment-model.js:84:14)
    setup (D:\dinner cook\tests\fixtures\merchant-store.js:51:22)
    async TestContext.<anonymous> (D:\dinner cook\tests\merchant-store.test.js:186:13)
    async Test.run (node:internal/test_runner/test:1389:7)
    async Test.processPendingSubtests (node:internal/test_runner/test:960:7)
  ...
# Subtest: A05 actual O03 old quote is rejected after store edit, config switch or slot closure; historical orders stay identical
not ok 26 - A05 actual O03 old quote is rejected after store edit, config switch or slot closure; historical orders stay identical
  ---
  duration_ms: 19.0541
  type: 'test'
  location: 'D:\\dinner cook\\tests\\merchant-store.test.js:189:1'
  failureType: 'testCodeFailure'
  error: 'INVALID_STORE_STATE'
  code: 'INVALID_STORE_STATE'
  stack: |-
    fail (D:\dinner cook\cloudfunctions\_shared\merchant-store-model.js:7:39)
    validateStoreState (D:\dinner cook\cloudfunctions\_shared\merchant-store-model.js:72:122)
    D:\dinner cook\cloudfunctions\_shared\merchant-store-service.js:77:111
    async D:\dinner cook\tests\fixtures\order-transaction.js:163:22
  ...
1..26
# tests 26
# suites 0
# pass 0
# fail 26
# cancelled 0
# skipped 0
# todo 0
# duration_ms 249.6991
