TAP version 13
# Subtest: A04 creates deterministic draft product and SKUs with atomic audit/receipt; original key replays without extra writes
not ok 1 - A04 creates deterministic draft product and SKUs with atomic audit/receipt; original key replays without extra writes
  ---
  duration_ms: 17.3645
  type: 'test'
  location: 'D:\\dinner cook\\tests\\merchant-catalog.test.js:18:1'
  failureType: 'testCodeFailure'
  error: 'INVALID_CONFIGURATION'
  code: 'INVALID_CONFIGURATION'
  stack: |-
    fail (D:\dinner cook\cloudfunctions\_shared\merchant-catalog-service.js:10:39)
    createMerchantCatalogService (D:\dinner cook\cloudfunctions\_shared\merchant-catalog-service.js:22:87)
    attach (D:\dinner cook\tests\fixtures\merchant-catalog.js:36:40)
    setup (D:\dinner cook\tests\fixtures\merchant-catalog.js:47:18)
    async TestContext.<anonymous> (D:\dinner cook\tests\merchant-catalog.test.js:19:11)
    async Test.run (node:internal/test_runner/test:1389:7)
    async startSubtestAfterBootstrap (node:internal/test_runner/harness:387:3)
  ...
# Subtest: A04 price edits update only product and changed SKU versions; counts, media and original entities stay independent
not ok 2 - A04 price edits update only product and changed SKU versions; counts, media and original entities stay independent
  ---
  duration_ms: 8.1099
  type: 'test'
  location: 'D:\\dinner cook\\tests\\merchant-catalog.test.js:27:1'
  failureType: 'testCodeFailure'
  error: 'INVALID_CONFIGURATION'
  code: 'INVALID_CONFIGURATION'
  stack: |-
    fail (D:\dinner cook\cloudfunctions\_shared\merchant-catalog-service.js:10:39)
    createMerchantCatalogService (D:\dinner cook\cloudfunctions\_shared\merchant-catalog-service.js:22:87)
    attach (D:\dinner cook\tests\fixtures\merchant-catalog.js:36:40)
    setup (D:\dinner cook\tests\fixtures\merchant-catalog.js:47:18)
    async TestContext.<anonymous> (D:\dinner cook\tests\merchant-catalog.test.js:28:11)
    async Test.run (node:internal/test_runner/test:1389:7)
    async Test.processPendingSubtests (node:internal/test_runner/test:960:7)
  ...
# Subtest: A04 unchanged SKUs keep versions while product metadata edits increment the parent and retain private server fields
not ok 3 - A04 unchanged SKUs keep versions while product metadata edits increment the parent and retain private server fields
  ---
  duration_ms: 8.0994
  type: 'test'
  location: 'D:\\dinner cook\\tests\\merchant-catalog.test.js:36:1'
  failureType: 'testCodeFailure'
  error: 'INVALID_CONFIGURATION'
  code: 'INVALID_CONFIGURATION'
  stack: |-
    fail (D:\dinner cook\cloudfunctions\_shared\merchant-catalog-service.js:10:39)
    createMerchantCatalogService (D:\dinner cook\cloudfunctions\_shared\merchant-catalog-service.js:22:87)
    attach (D:\dinner cook\tests\fixtures\merchant-catalog.js:36:40)
    setup (D:\dinner cook\tests\fixtures\merchant-catalog.js:47:18)
    async TestContext.<anonymous> (D:\dinner cook\tests\merchant-catalog.test.js:37:11)
    async Test.run (node:internal/test_runner/test:1389:7)
    async Test.processPendingSubtests (node:internal/test_runner/test:960:7)
  ...
# Subtest: A04 new explicit variants are generated by server and duplicate combinations or replacing existing IDs are refused
not ok 4 - A04 new explicit variants are generated by server and duplicate combinations or replacing existing IDs are refused
  ---
  duration_ms: 8.5507
  type: 'test'
  location: 'D:\\dinner cook\\tests\\merchant-catalog.test.js:43:1'
  failureType: 'testCodeFailure'
  error: 'INVALID_CONFIGURATION'
  code: 'INVALID_CONFIGURATION'
  stack: |-
    fail (D:\dinner cook\cloudfunctions\_shared\merchant-catalog-service.js:10:39)
    createMerchantCatalogService (D:\dinner cook\cloudfunctions\_shared\merchant-catalog-service.js:22:87)
    attach (D:\dinner cook\tests\fixtures\merchant-catalog.js:36:40)
    setup (D:\dinner cook\tests\fixtures\merchant-catalog.js:47:18)
    async TestContext.<anonymous> (D:\dinner cook\tests\merchant-catalog.test.js:44:11)
    async Test.run (node:internal/test_runner/test:1389:7)
    async Test.processPendingSubtests (node:internal/test_runner/test:960:7)
  ...
# Subtest: A04 category/SKU combination and archived variant are immutable; omission cannot hard-delete referenced SKUs
not ok 5 - A04 category/SKU combination and archived variant are immutable; omission cannot hard-delete referenced SKUs
  ---
  duration_ms: 7.8123
  type: 'test'
  location: 'D:\\dinner cook\\tests\\merchant-catalog.test.js:52:1'
  failureType: 'testCodeFailure'
  error: 'INVALID_CONFIGURATION'
  code: 'INVALID_CONFIGURATION'
  stack: |-
    fail (D:\dinner cook\cloudfunctions\_shared\merchant-catalog-service.js:10:39)
    createMerchantCatalogService (D:\dinner cook\cloudfunctions\_shared\merchant-catalog-service.js:22:87)
    attach (D:\dinner cook\tests\fixtures\merchant-catalog.js:36:40)
    setup (D:\dinner cook\tests\fixtures\merchant-catalog.js:47:18)
    async TestContext.<anonymous> (D:\dinner cook\tests\merchant-catalog.test.js:56:13)
    async Test.run (node:internal/test_runner/test:1389:7)
    async Test.processPendingSubtests (node:internal/test_runner/test:960:7)
  ...
# Subtest: A04 only three categories, explicit integer cents, valid groups, quantity/message and stock configurations can be saved
not ok 6 - A04 only three categories, explicit integer cents, valid groups, quantity/message and stock configurations can be saved
  ---
  duration_ms: 7.6085
  type: 'test'
  location: 'D:\\dinner cook\\tests\\merchant-catalog.test.js:62:1'
  failureType: 'testCodeFailure'
  error: 'INVALID_CONFIGURATION'
  code: 'INVALID_CONFIGURATION'
  stack: |-
    fail (D:\dinner cook\cloudfunctions\_shared\merchant-catalog-service.js:10:39)
    createMerchantCatalogService (D:\dinner cook\cloudfunctions\_shared\merchant-catalog-service.js:22:87)
    attach (D:\dinner cook\tests\fixtures\merchant-catalog.js:36:40)
    setup (D:\dinner cook\tests\fixtures\merchant-catalog.js:47:18)
    async TestContext.<anonymous> (D:\dinner cook\tests\merchant-catalog.test.js:68:42)
    async Test.run (node:internal/test_runner/test:1389:7)
    async Test.processPendingSubtests (node:internal/test_runner/test:960:7)
  ...
# Subtest: A04 draft null price/quantity/leadtime and empty stock/images remain incomplete and never become published defaults
not ok 7 - A04 draft null price/quantity/leadtime and empty stock/images remain incomplete and never become published defaults
  ---
  duration_ms: 7.581
  type: 'test'
  location: 'D:\\dinner cook\\tests\\merchant-catalog.test.js:71:1'
  failureType: 'testCodeFailure'
  error: 'INVALID_CONFIGURATION'
  code: 'INVALID_CONFIGURATION'
  stack: |-
    fail (D:\dinner cook\cloudfunctions\_shared\merchant-catalog-service.js:10:39)
    createMerchantCatalogService (D:\dinner cook\cloudfunctions\_shared\merchant-catalog-service.js:22:87)
    attach (D:\dinner cook\tests\fixtures\merchant-catalog.js:36:40)
    setup (D:\dinner cook\tests\fixtures\merchant-catalog.js:47:18)
    async TestContext.<anonymous> (D:\dinner cook\tests\merchant-catalog.test.js:72:11)
    async Test.run (node:internal/test_runner/test:1389:7)
    async Test.processPendingSubtests (node:internal/test_runner/test:960:7)
  ...
# Subtest: A04 on-sale validation requires published real-photo registration, explicit SKU limits, leadtime, open stock and category
not ok 8 - A04 on-sale validation requires published real-photo registration, explicit SKU limits, leadtime, open stock and category
  ---
  duration_ms: 8.2766
  type: 'test'
  location: 'D:\\dinner cook\\tests\\merchant-catalog.test.js:78:1'
  failureType: 'testCodeFailure'
  error: 'INVALID_CONFIGURATION'
  code: 'INVALID_CONFIGURATION'
  stack: |-
    fail (D:\dinner cook\cloudfunctions\_shared\merchant-catalog-service.js:10:39)
    createMerchantCatalogService (D:\dinner cook\cloudfunctions\_shared\merchant-catalog-service.js:22:87)
    attach (D:\dinner cook\tests\fixtures\merchant-catalog.js:36:40)
    setup (D:\dinner cook\tests\fixtures\merchant-catalog.js:47:18)
    async TestContext.<anonymous> (D:\dinner cook\tests\merchant-catalog.test.js:83:38)
    async Test.run (node:internal/test_runner/test:1389:7)
    async Test.processPendingSubtests (node:internal/test_runner/test:960:7)
  ...
# Subtest: A04 off-sale/relist/archive are versioned, do not release stock or delete media and archival is terminal
not ok 9 - A04 off-sale/relist/archive are versioned, do not release stock or delete media and archival is terminal
  ---
  duration_ms: 7.7693
  type: 'test'
  location: 'D:\\dinner cook\\tests\\merchant-catalog.test.js:87:1'
  failureType: 'testCodeFailure'
  error: 'INVALID_CONFIGURATION'
  code: 'INVALID_CONFIGURATION'
  stack: |-
    fail (D:\dinner cook\cloudfunctions\_shared\merchant-catalog-service.js:10:39)
    createMerchantCatalogService (D:\dinner cook\cloudfunctions\_shared\merchant-catalog-service.js:22:87)
    attach (D:\dinner cook\tests\fixtures\merchant-catalog.js:36:40)
    setup (D:\dinner cook\tests\fixtures\merchant-catalog.js:47:18)
    async TestContext.<anonymous> (D:\dinner cook\tests\merchant-catalog.test.js:88:11)
    async Test.run (node:internal/test_runner/test:1389:7)
    async Test.processPendingSubtests (node:internal/test_runner/test:960:7)
  ...
# Subtest: A04 inventory lower bound includes held+confirmed+consumed; equality and CLOSED-resource totals are valid without resetting counters
not ok 10 - A04 inventory lower bound includes held+confirmed+consumed; equality and CLOSED-resource totals are valid without resetting counters
  ---
  duration_ms: 7.6278
  type: 'test'
  location: 'D:\\dinner cook\\tests\\merchant-catalog.test.js:97:1'
  failureType: 'testCodeFailure'
  error: 'INVALID_CONFIGURATION'
  code: 'INVALID_CONFIGURATION'
  stack: |-
    fail (D:\dinner cook\cloudfunctions\_shared\merchant-catalog-service.js:10:39)
    createMerchantCatalogService (D:\dinner cook\cloudfunctions\_shared\merchant-catalog-service.js:22:87)
    attach (D:\dinner cook\tests\fixtures\merchant-catalog.js:36:40)
    setup (D:\dinner cook\tests\fixtures\merchant-catalog.js:47:18)
    async TestContext.<anonymous> (D:\dinner cook\tests\merchant-catalog.test.js:98:11)
    async Test.run (node:internal/test_runner/test:1389:7)
    async Test.processPendingSubtests (node:internal/test_runner/test:960:7)
  ...
# Subtest: A04 no resource unit/store/counters, raw metadata, status or authority fields can be injected via maintenance inputs
not ok 11 - A04 no resource unit/store/counters, raw metadata, status or authority fields can be injected via maintenance inputs
  ---
  duration_ms: 7.2267
  type: 'test'
  location: 'D:\\dinner cook\\tests\\merchant-catalog.test.js:106:1'
  failureType: 'testCodeFailure'
  error: 'INVALID_CONFIGURATION'
  code: 'INVALID_CONFIGURATION'
  stack: |-
    fail (D:\dinner cook\cloudfunctions\_shared\merchant-catalog-service.js:10:39)
    createMerchantCatalogService (D:\dinner cook\cloudfunctions\_shared\merchant-catalog-service.js:22:87)
    attach (D:\dinner cook\tests\fixtures\merchant-catalog.js:36:40)
    setup (D:\dinner cook\tests\fixtures\merchant-catalog.js:47:18)
    async TestContext.<anonymous> (D:\dinner cook\tests\merchant-catalog.test.js:108:13)
    async Test.run (node:internal/test_runner/test:1389:7)
    async Test.processPendingSubtests (node:internal/test_runner/test:960:7)
  ...
# Subtest: A04 ordinary/spoofed, cross-store and wrong capability actors cannot read related catalog or write
not ok 12 - A04 ordinary/spoofed, cross-store and wrong capability actors cannot read related catalog or write
  ---
  duration_ms: 7.9184
  type: 'test'
  location: 'D:\\dinner cook\\tests\\merchant-catalog.test.js:115:1'
  failureType: 'testCodeFailure'
  error: 'INVALID_CONFIGURATION'
  code: 'INVALID_CONFIGURATION'
  stack: |-
    fail (D:\dinner cook\cloudfunctions\_shared\merchant-catalog-service.js:10:39)
    createMerchantCatalogService (D:\dinner cook\cloudfunctions\_shared\merchant-catalog-service.js:22:87)
    attach (D:\dinner cook\tests\fixtures\merchant-catalog.js:36:40)
    setup (D:\dinner cook\tests\fixtures\merchant-catalog.js:47:18)
    async TestContext.<anonymous> (D:\dinner cook\tests\merchant-catalog.test.js:116:49)
    async Test.run (node:internal/test_runner/test:1389:7)
    async Test.processPendingSubtests (node:internal/test_runner/test:960:7)
  ...
# Subtest: A04 disabled user, revoked grant and archived store are checked again before replay, with strict A01 scope
not ok 13 - A04 disabled user, revoked grant and archived store are checked again before replay, with strict A01 scope
  ---
  duration_ms: 10.1545
  type: 'test'
  location: 'D:\\dinner cook\\tests\\merchant-catalog.test.js:122:1'
  failureType: 'testCodeFailure'
  error: 'INVALID_CONFIGURATION'
  code: 'INVALID_CONFIGURATION'
  stack: |-
    fail (D:\dinner cook\cloudfunctions\_shared\merchant-catalog-service.js:10:39)
    createMerchantCatalogService (D:\dinner cook\cloudfunctions\_shared\merchant-catalog-service.js:22:87)
    attach (D:\dinner cook\tests\fixtures\merchant-catalog.js:36:40)
    setup (D:\dinner cook\tests\fixtures\merchant-catalog.js:47:18)
    async TestContext.<anonymous> (D:\dinner cook\tests\merchant-catalog.test.js:126:13)
    async Test.run (node:internal/test_runner/test:1389:7)
    async Test.processPendingSubtests (node:internal/test_runner/test:960:7)
  ...
# Subtest: A04 stale parent or child versions and same-key changed input fail without partial writes
not ok 14 - A04 stale parent or child versions and same-key changed input fail without partial writes
  ---
  duration_ms: 9.201
  type: 'test'
  location: 'D:\\dinner cook\\tests\\merchant-catalog.test.js:134:1'
  failureType: 'testCodeFailure'
  error: 'INVALID_CONFIGURATION'
  code: 'INVALID_CONFIGURATION'
  stack: |-
    fail (D:\dinner cook\cloudfunctions\_shared\merchant-catalog-service.js:10:39)
    createMerchantCatalogService (D:\dinner cook\cloudfunctions\_shared\merchant-catalog-service.js:22:87)
    attach (D:\dinner cook\tests\fixtures\merchant-catalog.js:36:40)
    setup (D:\dinner cook\tests\fixtures\merchant-catalog.js:47:18)
    async TestContext.<anonymous> (D:\dinner cook\tests\merchant-catalog.test.js:135:11)
    async Test.run (node:internal/test_runner/test:1389:7)
    async Test.processPendingSubtests (node:internal/test_runner/test:960:7)
  ...
# Subtest: A04 every product/SKU/audit/receipt write failure and zero-row result rolls back the whole edit
not ok 15 - A04 every product/SKU/audit/receipt write failure and zero-row result rolls back the whole edit
  ---
  duration_ms: 7.3122
  type: 'test'
  location: 'D:\\dinner cook\\tests\\merchant-catalog.test.js:140:1'
  failureType: 'testCodeFailure'
  error: 'INVALID_CONFIGURATION'
  code: 'INVALID_CONFIGURATION'
  stack: |-
    fail (D:\dinner cook\cloudfunctions\_shared\merchant-catalog-service.js:10:39)
    createMerchantCatalogService (D:\dinner cook\cloudfunctions\_shared\merchant-catalog-service.js:22:87)
    attach (D:\dinner cook\tests\fixtures\merchant-catalog.js:36:40)
    setup (D:\dinner cook\tests\fixtures\merchant-catalog.js:47:18)
    async TestContext.<anonymous> (D:\dinner cook\tests\merchant-catalog.test.js:142:13)
    async Test.run (node:internal/test_runner/test:1389:7)
    async Test.processPendingSubtests (node:internal/test_runner/test:960:7)
  ...
# Subtest: A04 role/user/store/media/resource or phantom query changes at commit prevent all catalog writes
not ok 16 - A04 role/user/store/media/resource or phantom query changes at commit prevent all catalog writes
  ---
  duration_ms: 7.1633
  type: 'test'
  location: 'D:\\dinner cook\\tests\\merchant-catalog.test.js:148:1'
  failureType: 'testCodeFailure'
  error: 'INVALID_CONFIGURATION'
  code: 'INVALID_CONFIGURATION'
  stack: |-
    fail (D:\dinner cook\cloudfunctions\_shared\merchant-catalog-service.js:10:39)
    createMerchantCatalogService (D:\dinner cook\cloudfunctions\_shared\merchant-catalog-service.js:22:87)
    attach (D:\dinner cook\tests\fixtures\merchant-catalog.js:36:40)
    setup (D:\dinner cook\tests\fixtures\merchant-catalog.js:47:18)
    async TestContext.<anonymous> (D:\dinner cook\tests\merchant-catalog.test.js:152:42)
    async Test.run (node:internal/test_runner/test:1389:7)
    async Test.processPendingSubtests (node:internal/test_runner/test:960:7)
  ...
# Subtest: A04 two serialized editors or stock setters on the same version commit only once
not ok 17 - A04 two serialized editors or stock setters on the same version commit only once
  ---
  duration_ms: 7.3906
  type: 'test'
  location: 'D:\\dinner cook\\tests\\merchant-catalog.test.js:157:1'
  failureType: 'testCodeFailure'
  error: 'INVALID_CONFIGURATION'
  code: 'INVALID_CONFIGURATION'
  stack: |-
    fail (D:\dinner cook\cloudfunctions\_shared\merchant-catalog-service.js:10:39)
    createMerchantCatalogService (D:\dinner cook\cloudfunctions\_shared\merchant-catalog-service.js:22:87)
    attach (D:\dinner cook\tests\fixtures\merchant-catalog.js:36:40)
    setup (D:\dinner cook\tests\fixtures\merchant-catalog.js:47:18)
    async TestContext.<anonymous> (D:\dinner cook\tests\merchant-catalog.test.js:158:70)
    async Test.run (node:internal/test_runner/test:1389:7)
    async Test.processPendingSubtests (node:internal/test_runner/test:960:7)
  ...
# Subtest: A04 malformed scoped state, duplicate/missing child, unsafe resources, foreign stock and damaged media are rejected
not ok 18 - A04 malformed scoped state, duplicate/missing child, unsafe resources, foreign stock and damaged media are rejected
  ---
  duration_ms: 7.4535
  type: 'test'
  location: 'D:\\dinner cook\\tests\\merchant-catalog.test.js:164:1'
  failureType: 'testCodeFailure'
  error: 'INVALID_CONFIGURATION'
  code: 'INVALID_CONFIGURATION'
  stack: |-
    fail (D:\dinner cook\cloudfunctions\_shared\merchant-catalog-service.js:10:39)
    createMerchantCatalogService (D:\dinner cook\cloudfunctions\_shared\merchant-catalog-service.js:22:87)
    attach (D:\dinner cook\tests\fixtures\merchant-catalog.js:36:40)
    setup (D:\dinner cook\tests\fixtures\merchant-catalog.js:47:18)
    async TestContext.<anonymous> (D:\dinner cook\tests\merchant-catalog.test.js:168:39)
    async Test.run (node:internal/test_runner/test:1389:7)
    async Test.processPendingSubtests (node:internal/test_runner/test:960:7)
  ...
# Subtest: A04 merchant DTOs omit private notes, image metadata, user details and audit/receipt records
not ok 19 - A04 merchant DTOs omit private notes, image metadata, user details and audit/receipt records
  ---
  duration_ms: 8.0573
  type: 'test'
  location: 'D:\\dinner cook\\tests\\merchant-catalog.test.js:172:1'
  failureType: 'testCodeFailure'
  error: 'INVALID_CONFIGURATION'
  code: 'INVALID_CONFIGURATION'
  stack: |-
    fail (D:\dinner cook\cloudfunctions\_shared\merchant-catalog-service.js:10:39)
    createMerchantCatalogService (D:\dinner cook\cloudfunctions\_shared\merchant-catalog-service.js:22:87)
    attach (D:\dinner cook\tests\fixtures\merchant-catalog.js:36:40)
    setup (D:\dinner cook\tests\fixtures\merchant-catalog.js:47:18)
    async TestContext.<anonymous> (D:\dinner cook\tests\merchant-catalog.test.js:173:11)
    async Test.run (node:internal/test_runner/test:1389:7)
    async Test.processPendingSubtests (node:internal/test_runner/test:960:7)
  ...
# Subtest: A04 stable merchant pagination is scoped to current actor/grant/store/filter/content and handles equal anchors
not ok 20 - A04 stable merchant pagination is scoped to current actor/grant/store/filter/content and handles equal anchors
  ---
  duration_ms: 7.3823
  type: 'test'
  location: 'D:\\dinner cook\\tests\\merchant-catalog.test.js:179:1'
  failureType: 'testCodeFailure'
  error: 'INVALID_CONFIGURATION'
  code: 'INVALID_CONFIGURATION'
  stack: |-
    fail (D:\dinner cook\cloudfunctions\_shared\merchant-catalog-service.js:10:39)
    createMerchantCatalogService (D:\dinner cook\cloudfunctions\_shared\merchant-catalog-service.js:22:87)
    attach (D:\dinner cook\tests\fixtures\merchant-catalog.js:36:40)
    setup (D:\dinner cook\tests\fixtures\merchant-catalog.js:47:18)
    async TestContext.<anonymous> (D:\dinner cook\tests\merchant-catalog.test.js:180:11)
    async Test.run (node:internal/test_runner/test:1389:7)
    async Test.processPendingSubtests (node:internal/test_runner/test:960:7)
  ...
# Subtest: A04 inventory pagination, tampered/expired cursor and header-to-snapshot mismatch fail closed
not ok 21 - A04 inventory pagination, tampered/expired cursor and header-to-snapshot mismatch fail closed
  ---
  duration_ms: 7.9077
  type: 'test'
  location: 'D:\\dinner cook\\tests\\merchant-catalog.test.js:190:1'
  failureType: 'testCodeFailure'
  error: 'INVALID_CONFIGURATION'
  code: 'INVALID_CONFIGURATION'
  stack: |-
    fail (D:\dinner cook\cloudfunctions\_shared\merchant-catalog-service.js:10:39)
    createMerchantCatalogService (D:\dinner cook\cloudfunctions\_shared\merchant-catalog-service.js:22:87)
    attach (D:\dinner cook\tests\fixtures\merchant-catalog.js:36:40)
    setup (D:\dinner cook\tests\fixtures\merchant-catalog.js:47:18)
    async TestContext.<anonymous> (D:\dinner cook\tests\merchant-catalog.test.js:191:11)
    async Test.run (node:internal/test_runner/test:1389:7)
    async Test.processPendingSubtests (node:internal/test_runner/test:960:7)
  ...
# Subtest: A04 audit and replay proofs reject tampering and sanitized reason never copies raw phone or a draft
not ok 22 - A04 audit and replay proofs reject tampering and sanitized reason never copies raw phone or a draft
  ---
  duration_ms: 7.9359
  type: 'test'
  location: 'D:\\dinner cook\\tests\\merchant-catalog.test.js:198:1'
  failureType: 'testCodeFailure'
  error: 'INVALID_CONFIGURATION'
  code: 'INVALID_CONFIGURATION'
  stack: |-
    fail (D:\dinner cook\cloudfunctions\_shared\merchant-catalog-service.js:10:39)
    createMerchantCatalogService (D:\dinner cook\cloudfunctions\_shared\merchant-catalog-service.js:22:87)
    attach (D:\dinner cook\tests\fixtures\merchant-catalog.js:36:40)
    setup (D:\dinner cook\tests\fixtures\merchant-catalog.js:47:18)
    async TestContext.<anonymous> (D:\dinner cook\tests\merchant-catalog.test.js:200:13)
    async Test.run (node:internal/test_runner/test:1389:7)
    async Test.processPendingSubtests (node:internal/test_runner/test:960:7)
  ...
# Subtest: A04 server clock rollback and version increment overflow cannot commit catalog/resource changes
not ok 23 - A04 server clock rollback and version increment overflow cannot commit catalog/resource changes
  ---
  duration_ms: 7.5535
  type: 'test'
  location: 'D:\\dinner cook\\tests\\merchant-catalog.test.js:206:1'
  failureType: 'testCodeFailure'
  error: 'INVALID_CONFIGURATION'
  code: 'INVALID_CONFIGURATION'
  stack: |-
    fail (D:\dinner cook\cloudfunctions\_shared\merchant-catalog-service.js:10:39)
    createMerchantCatalogService (D:\dinner cook\cloudfunctions\_shared\merchant-catalog-service.js:22:87)
    attach (D:\dinner cook\tests\fixtures\merchant-catalog.js:36:40)
    setup (D:\dinner cook\tests\fixtures\merchant-catalog.js:47:18)
    async TestContext.<anonymous> (D:\dinner cook\tests\merchant-catalog.test.js:207:11)
    async Test.run (node:internal/test_runner/test:1389:7)
    async Test.processPendingSubtests (node:internal/test_runner/test:960:7)
  ...
# Subtest: A04 actual local price edit invalidates an existing O03 quote, leaving created order facts/logs/payments/media unchanged
ok 24 - A04 actual local price edit invalidates an existing O03 quote, leaving created order facts/logs/payments/media unchanged
  ---
  duration_ms: 36.8196
  type: 'test'
  ...
# Subtest: A04 actual local off-sale invalidates O03 buying and preserves historical orders and confirmed stock reservations
ok 25 - A04 actual local off-sale invalidates O03 buying and preserves historical orders and confirmed stock reservations
  ---
  duration_ms: 16.6992
  type: 'test'
  ...
# Subtest: A04 actual local inventory total version invalidates O03 quote without releasing existing held/confirmed/consumed units
ok 26 - A04 actual local inventory total version invalidates O03 quote without releasing existing held/confirmed/consumed units
  ---
  duration_ms: 16.4127
  type: 'test'
  ...
1..26
# tests 26
# suites 0
# pass 3
# fail 23
# cancelled 0
# skipped 0
# todo 0
# duration_ms 446.455
